#-----------------------------------------------------------
# Vivado v2017.4 (64-bit)
# SW Build 2086221 on Fri Dec 15 20:55:39 MST 2017
# IP Build 2085800 on Fri Dec 15 22:25:07 MST 2017
# Start of session at: Sat Apr 21 19:50:41 2018
# Process ID: 5800
# Current directory: C:/Users/LempsPC/Desktop/L-CPU
# Command line: vivado.exe -gui_launcher_event rodinguilauncherevent10368 C:\Users\LempsPC\Desktop\L-CPU\L-CPU.xpr
# Log file: C:/Users/LempsPC/Desktop/L-CPU/vivado.log
# Journal file: C:/Users/LempsPC/Desktop/L-CPU\vivado.jou
#-----------------------------------------------------------
start_gui
open_project C:/Users/LempsPC/Desktop/L-CPU/L-CPU.xpr
update_compile_order -fileset sources_1
set_property SOURCE_SET sources_1 [get_filesets sim_1]
close [ open C:/Users/LempsPC/Desktop/L-CPU/L-CPU.srcs/sim_1/new/Memtest_x8.vhd w ]
add_files -fileset sim_1 C:/Users/LempsPC/Desktop/L-CPU/L-CPU.srcs/sim_1/new/Memtest_x8.vhd
update_compile_order -fileset sim_1
# Disabling source management mode.  This is to allow the top design properties to be set without GUI intervention.
set_property source_mgmt_mode None [current_project]
set_property top Memtest_x8 [get_filesets sim_1]
set_property top_lib xil_defaultlib [get_filesets sim_1]
# Re-enabling previously disabled source management mode.
set_property source_mgmt_mode All [current_project]
update_compile_order -fileset sim_1
launch_simulation
launch_simulation
launch_simulation
open_wave_config C:/Users/LempsPC/Desktop/L-CPU/L_CPU_tester1_behav.wcfg
source Memtest_x8.tcl
add_wave {{/Memtest_x8}} 
relaunch_sim
