#-----------------------------------------------------------
# Vivado v2017.4 (64-bit)
# SW Build 2086221 on Fri Dec 15 20:55:39 MST 2017
# IP Build 2085800 on Fri Dec 15 22:25:07 MST 2017
# Start of session at: Fri Apr 20 20:24:46 2018
# Process ID: 14752
# Current directory: C:/Users/LempsPC/Desktop/L-CPU
# Command line: vivado.exe -gui_launcher_event rodinguilauncherevent12172 C:\Users\LempsPC\Desktop\L-CPU\L-CPU.xpr
# Log file: C:/Users/LempsPC/Desktop/L-CPU/vivado.log
# Journal file: C:/Users/LempsPC/Desktop/L-CPU\vivado.jou
#-----------------------------------------------------------
start_gui
open_project C:/Users/LempsPC/Desktop/L-CPU/L-CPU.xpr
update_compile_order -fileset sources_1
launch_simulation
source L_CPU_tester1.tcl
add_wave {{/L_CPU_tester1/UUT}} 
relaunch_sim
save_wave_config {C:/Users/LempsPC/Desktop/L-CPU/L_CPU_tester1_behav.wcfg}
add_files -fileset sim_1 -norecurse C:/Users/LempsPC/Desktop/L-CPU/L_CPU_tester1_behav.wcfg
set_property xsim.view C:/Users/LempsPC/Desktop/L-CPU/L_CPU_tester1_behav.wcfg [get_filesets sim_1]
close_sim
synth_design -rtl -name rtl_1
close_design
close [ open C:/Users/LempsPC/Desktop/L-CPU/L-CPU.srcs/sources_1/new/Mem.vhd w ]
add_files C:/Users/LempsPC/Desktop/L-CPU/L-CPU.srcs/sources_1/new/Mem.vhd
update_compile_order -fileset sources_1
update_compile_order -fileset sources_1
launch_simulation
launch_simulation
open_wave_config C:/Users/LempsPC/Desktop/L-CPU/L_CPU_tester1_behav.wcfg
source L_CPU_tester1.tcl
add_wave {{/L_CPU_tester1/UUT/Memory}} 
relaunch_sim
relaunch_sim
relaunch_sim
relaunch_sim
relaunch_sim
relaunch_sim
save_wave_config {C:/Users/LempsPC/Desktop/L-CPU/L_CPU_tester1_behav.wcfg}
relaunch_sim
save_wave_config {C:/Users/LempsPC/Desktop/L-CPU/L_CPU_tester1_behav.wcfg}
relaunch_sim
close_sim
launch_simulation
open_wave_config C:/Users/LempsPC/Desktop/L-CPU/L_CPU_tester1_behav.wcfg
source L_CPU_tester1.tcl
relaunch_sim
relaunch_sim
relaunch_sim
add_bp {C:/Users/LempsPC/Desktop/L-CPU/L-CPU.srcs/sources_1/new/Mem.vhd} 39
relaunch_sim
remove_bps -file {C:/Users/LempsPC/Desktop/L-CPU/L-CPU.srcs/sources_1/new/Mem.vhd} -line 39
add_bp {C:/Users/LempsPC/Desktop/L-CPU/L-CPU.srcs/sources_1/new/Mem.vhd} 29
relaunch_sim
run 10 ns
run 10 ns
run 10 ns
run 10 ns
run 10 ns
run 10 ns
run 10 ns
run 10 ns
run 10 ns
run 10 ns
run 10 ns
run 10 ns
run 10 ns
run 10 ns
run 10 ns
run 10 ns
run 10 ns
run 10 ns
run 10 ns
run 10 ns
run 10 ns
run 10 ns
run 10 ns
run 10 ns
run 10 ns
run 10 ns
run 10 ns
run 10 ns
run 10 ns
run 10 ns
run 10 ns
run 10 ns
run 10 ns
run 10 ns
run 10 ns
run 10 ns
save_wave_config {C:/Users/LempsPC/Desktop/L-CPU/L_CPU_tester1_behav.wcfg}
close_sim
