#-----------------------------------------------------------
# Vivado v2017.4 (64-bit)
# SW Build 2086221 on Fri Dec 15 20:55:39 MST 2017
# IP Build 2085800 on Fri Dec 15 22:25:07 MST 2017
# Start of session at: Tue May 15 16:55:05 2018
# Process ID: 13824
# Current directory: C:/Users/Lemps/L_CPU_project/L-CPU-final
# Command line: vivado.exe -gui_launcher_event rodinguilauncherevent7284 C:\Users\Lemps\L_CPU_project\L-CPU-final\L-CPU.xpr
# Log file: C:/Users/Lemps/L_CPU_project/L-CPU-final/vivado.log
# Journal file: C:/Users/Lemps/L_CPU_project/L-CPU-final\vivado.jou
#-----------------------------------------------------------
start_gui
open_project C:/Users/Lemps/L_CPU_project/L-CPU-final/L-CPU.xpr
update_compile_order -fileset sources_1
launch_simulation
open_wave_config C:/Users/Lemps/L_CPU_project/L-CPU-final/L_CPU_tester1_behav.wcfg
source L_CPU_tester2.tcl
relaunch_sim
close_sim
synth_design -rtl -name rtl_1
close_design
launch_simulation
open_wave_config C:/Users/Lemps/L_CPU_project/L-CPU-final/L_CPU_tester1_behav.wcfg
source L_CPU_tester2.tcl
close_sim
launch_simulation
open_wave_config C:/Users/Lemps/L_CPU_project/L-CPU-final/L_CPU_tester1_behav.wcfg
source L_CPU_tester2.tcl
relaunch_sim
relaunch_sim
relaunch_sim
relaunch_sim
relaunch_sim
add_bp {C:/Users/Lemps/L_CPU_project/L-CPU-final/L-CPU.srcs/sim_1/new/L_CPU_tester2.sv} 100
remove_bps -file {C:/Users/Lemps/L_CPU_project/L-CPU-final/L-CPU.srcs/sim_1/new/L_CPU_tester2.sv} -line 100
